<html>
<body>
<pre>
<h1>µVision Build Log</h1>
<h2>Tool Versions:</h2>
IDE-Version: ¦ÌVision V5.38.0.0
Copyright (C) 2022 ARM Ltd and ARM Germany GmbH. All rights reserved.
License Information: 1 2421203974@qq.com, 1, LIC=IK1BF-6MHIY-309NC-7IEPD-F98MS-N7GYI
 
Tool Versions:
Toolchain:       MDK-ARM Plus  Version: 5.38.0.0
Toolchain Path:  C:\Keil_v5\ARM\ARMCLANG\Bin
C Compiler:      ArmClang.exe V6.19
Assembler:       Armasm.exe V6.19
Linker/Locator:  ArmLink.exe V6.19
Library Manager: ArmAr.exe V6.19
Hex Converter:   FromElf.exe V6.19
CPU DLL:         SARMCM3.DLL V5.38.0.0
Dialog DLL:      DCM.DLL V1.17.5.0
Target DLL:      Segger\JL2CM3.dll V2.99.42.0
Dialog DLL:      TCM.DLL V1.56.4.0
 
<h2>Project:</h2>
C:\Users\24212\Desktop\za\study\learn-anything\USB_Mass\MDK-ARM\USB_Mass.uvprojx
Project File Date:  06/03/2026

<h2>Output:</h2>
*** Using Compiler 'V6.19', folder: 'C:\Keil_v5\ARM\ARMCLANG\Bin'
Build target 'USB_Mass'
compiling app_file_service.c...
../Core/Src/lvgl_ui.c(138): warning: incompatible pointer types passing 'uint16_t *' (aka 'unsigned short *') to parameter of type 'UINT *' (aka 'unsigned int *') [-Wincompatible-pointer-types]
                        FS_Read(&fnew, rData, sizeof(rData) - 1, &bytesread);
                                                                 ^~~~~~~~~~
../Core/Inc\app_file_service.h(40): note: passing argument to parameter 'br' here
FRESULT FS_Read(FIL *fp, void *buff, UINT btr, UINT *br);
                                                     ^
1 warning generated.
compiling lvgl_ui.c...
compiling main.c...
../Core/Src/json_app.c(12): warning: In file included from...
../JSON\json_parser.h(35): warning: '#pragma anon_unions' is an Arm Compiler 5 extension, and is not supported by Arm Compiler for Embedded 6 [-Warmcc-pragma-anon-unions]
#pragma anon_unions
        ^
1 warning generated.
compiling json_app.c...
compiling user_diskio.c...
compiling fatfs.c...
compiling diskio.c...
compiling ff_gen_drv.c...
compiling syscall.c...
compiling usbd_cdc_if.c...
compiling ff.c...
linking...
Program Size: Code=243472 RO-data=16356 RW-data=604 ZI-data=57716  
FromELF: creating hex file...
".\USB_Mass\USB_Mass.axf" - 0 Error(s), 2 Warning(s).

<h2>Software Packages used:</h2>

Package Vendor: ARM
                http://www.keil.com/pack/ARM.CMSIS.5.9.0.pack
                ARM.CMSIS.5.9.0
                CMSIS (Common Microcontroller Software Interface Standard)
   * Component: CORE Version: 5.6.0

Package Vendor: Keil
                https://www.keil.com/pack/Keil.STM32F1xx_DFP.2.4.1.pack
                Keil.STM32F1xx_DFP.2.4.1
                STMicroelectronics STM32F1 Series Device Support, Drivers and Examples

<h2>Collection of Component include folders:</h2>
  ./RTE/_USB_Mass
  C:/Users/24212/AppData/Local/Arm/Packs/ARM/CMSIS/5.9.0/CMSIS/Core/Include
  C:/Users/24212/AppData/Local/Arm/Packs/Keil/STM32F1xx_DFP/2.4.1/Device/Include

<h2>Collection of Component Files used:</h2>

   * Component: ARM::CMSIS:CORE:5.6.0
      Include file:  CMSIS/Core/Include/tz_context.h
Build Time Elapsed:  00:00:04
</pre>
</body>
</html>
